Nothing to build in platform 'mblaze_FND_cntr_real'

16:29:16 **** Incremental Build of configuration Debug for project mblaze_FND_cntr_app ****
make all 
'Building file: ../src/helloworld.c'
'Invoking: MicroBlaze gcc compiler'
mb-gcc -Wall -O0 -g3 -c -fmessage-length=0 -MT"src/helloworld.o" -IF:/Ian_Jung/workplace/Harman_Vitis/mblaze_FND_cntr_real/export/mblaze_FND_cntr_real/sw/mblaze_FND_cntr_real/standalone_domain/bspinclude/include -mno-xl-reorder -mlittle-endian -mxl-barrel-shift -mxl-pattern-compare -mcpu=v11.0 -mno-xl-soft-mul -Wl,--no-relax -ffunction-sections -fdata-sections -MMD -MP -MF"src/helloworld.d" -MT"src/helloworld.o" -o "src/helloworld.o" "../src/helloworld.c"
../src/helloworld.c: In function 'main':
../src/helloworld.c:69:6: warning: implicit declaration of function 'MB_Sleep' [-Wimplicit-function-declaration]
      MB_Sleep(100);
      ^~~~~~~~
'Finished building: ../src/helloworld.c'
' '
'Building file: ../src/platform.c'
'Invoking: MicroBlaze gcc compiler'
mb-gcc -Wall -O0 -g3 -c -fmessage-length=0 -MT"src/platform.o" -IF:/Ian_Jung/workplace/Harman_Vitis/mblaze_FND_cntr_real/export/mblaze_FND_cntr_real/sw/mblaze_FND_cntr_real/standalone_domain/bspinclude/include -mno-xl-reorder -mlittle-endian -mxl-barrel-shift -mxl-pattern-compare -mcpu=v11.0 -mno-xl-soft-mul -Wl,--no-relax -ffunction-sections -fdata-sections -MMD -MP -MF"src/platform.d" -MT"src/platform.o" -o "src/platform.o" "../src/platform.c"
'Finished building: ../src/platform.c'
' '
'Building target: mblaze_FND_cntr_app.elf'
'Invoking: MicroBlaze gcc linker'
mb-gcc -Wl,-T -Wl,../src/lscript.ld -LF:/Ian_Jung/workplace/Harman_Vitis/mblaze_FND_cntr_real/export/mblaze_FND_cntr_real/sw/mblaze_FND_cntr_real/standalone_domain/bsplib/lib -mlittle-endian -mxl-barrel-shift -mxl-pattern-compare -mcpu=v11.0 -mno-xl-soft-mul -Wl,--no-relax -Wl,--gc-sections -o "mblaze_FND_cntr_app.elf"  ./src/helloworld.o ./src/platform.o   -Wl,--start-group,-lxil,-lgcc,-lc,--end-group
'Finished building target: mblaze_FND_cntr_app.elf'
' '
'Invoking: MicroBlaze Print Size'
mb-size mblaze_FND_cntr_app.elf  |tee "mblaze_FND_cntr_app.elf.size"
   text	   data	    bss	    dec	    hex	filename
   6204	    632	   3108	   9944	   26d8	mblaze_FND_cntr_app.elf
'Finished building: mblaze_FND_cntr_app.elf.size'
' '
16:29:18 **** Incremental Build of configuration Debug for project mblaze_FND_cntr_app_system ****
make all 
Skipping SD card image generation. Reason: "The system project only has applications for microblaze processors."
