14:13:36 **** Build of configuration Debug for project mBlaze__hello_app ****
make all 
'Building file: ../src/helloworld.c'
'Invoking: MicroBlaze gcc compiler'
mb-gcc -Wall -O0 -g3 -c -fmessage-length=0 -MT"src/helloworld.o" -IF:/Ian_Jung/workplace/Harman_Vitis/mBlaze_hello/export/mBlaze_hello/sw/mBlaze_hello/standalone_domain/bspinclude/include -mno-xl-reorder -mlittle-endian -mxl-barrel-shift -mxl-pattern-compare -mcpu=v11.0 -mno-xl-soft-mul -Wl,--no-relax -ffunction-sections -fdata-sections -MMD -MP -MF"src/helloworld.d" -MT"src/helloworld.o" -o "src/helloworld.o" "../src/helloworld.c"
../src/helloworld.c: In function 'main':
../src/helloworld.c:62:6: warning: implicit declaration of function 'MB_Sleep' [-Wimplicit-function-declaration]
      MB_Sleep(1000); // 1ms짜리 딜레이 함수
      ^~~~~~~~
'Finished building: ../src/helloworld.c'
' '
'Building file: ../src/platform.c'
'Invoking: MicroBlaze gcc compiler'
mb-gcc -Wall -O0 -g3 -c -fmessage-length=0 -MT"src/platform.o" -IF:/Ian_Jung/workplace/Harman_Vitis/mBlaze_hello/export/mBlaze_hello/sw/mBlaze_hello/standalone_domain/bspinclude/include -mno-xl-reorder -mlittle-endian -mxl-barrel-shift -mxl-pattern-compare -mcpu=v11.0 -mno-xl-soft-mul -Wl,--no-relax -ffunction-sections -fdata-sections -MMD -MP -MF"src/platform.d" -MT"src/platform.o" -o "src/platform.o" "../src/platform.c"
'Finished building: ../src/platform.c'
' '
'Building target: mBlaze__hello_app.elf'
'Invoking: MicroBlaze gcc linker'
mb-gcc -Wl,-T -Wl,../src/lscript.ld -LF:/Ian_Jung/workplace/Harman_Vitis/mBlaze_hello/export/mBlaze_hello/sw/mBlaze_hello/standalone_domain/bsplib/lib -mlittle-endian -mxl-barrel-shift -mxl-pattern-compare -mcpu=v11.0 -mno-xl-soft-mul -Wl,--no-relax -Wl,--gc-sections -o "mBlaze__hello_app.elf"  ./src/helloworld.o ./src/platform.o   -Wl,--start-group,-lxil,-lgcc,-lc,--end-group
'Finished building target: mBlaze__hello_app.elf'
' '
'Invoking: MicroBlaze Print Size'
mb-size mBlaze__hello_app.elf  |tee "mBlaze__hello_app.elf.size"
   text	   data	    bss	    dec	    hex	filename
   2064	    268	   3108	   5440	   1540	mBlaze__hello_app.elf
'Finished building: mBlaze__hello_app.elf.size'
' '

14:13:40 Build Finished (took 3s.827ms)

