12:31:02 **** Incremental Build of configuration Debug for project mblaze_led_app ****
make all 
'Building file: ../src/helloworld.c'
'Invoking: MicroBlaze gcc compiler'
mb-gcc -Wall -O0 -g3 -c -fmessage-length=0 -MT"src/helloworld.o" -IF:/Ian_Jung/workplace/Harman_Vitis/mblaze_led_hw/export/mblaze_led_hw/sw/mblaze_led_hw/standalone_domain/bspinclude/include -mlittle-endian -mcpu=v11.0 -mxl-soft-mul -Wl,--no-relax -ffunction-sections -fdata-sections -MMD -MP -MF"src/helloworld.d" -MT"src/helloworld.o" -o "src/helloworld.o" "../src/helloworld.c"
../src/helloworld.c: In function 'main':
../src/helloworld.c:81:6: warning: implicit declaration of function 'MB_Sleep'; did you mean 'mb_sleep'? [-Wimplicit-function-declaration]
      MB_Sleep(1000);
      ^~~~~~~~
      mb_sleep
'Finished building: ../src/helloworld.c'
' '
'Building target: mblaze_led_app.elf'
'Invoking: MicroBlaze gcc linker'
mb-gcc -Wl,-T -Wl,../src/lscript.ld -LF:/Ian_Jung/workplace/Harman_Vitis/mblaze_led_hw/export/mblaze_led_hw/sw/mblaze_led_hw/standalone_domain/bsplib/lib -mlittle-endian -mcpu=v11.0 -mxl-soft-mul -Wl,--no-relax -Wl,--gc-sections -o "mblaze_led_app.elf"  ./src/helloworld.o ./src/platform.o   -Wl,--start-group,-lxil,-lgcc,-lc,--end-group
'Finished building target: mblaze_led_app.elf'
' '
'Invoking: MicroBlaze Print Size'
mb-size mblaze_led_app.elf  |tee "mblaze_led_app.elf.size"
   text	   data	    bss	    dec	    hex	filename
   3224	    288	   3112	   6624	   19e0	mblaze_led_app.elf
'Finished building: mblaze_led_app.elf.size'
' '

12:31:04 Build Finished (took 1s.557ms)

