14:19:19 **** Incremental Build of configuration Debug for project mblaze_DHT11_app ****
make all 
'Building file: ../src/helloworld.c'
'Invoking: MicroBlaze gcc compiler'
mb-gcc -Wall -O0 -g3 -c -fmessage-length=0 -MT"src/helloworld.o" -IF:/Ian_Jung/workplace/Harman_Vitis/mblaze_DHT11_w/export/mblaze_DHT11_w/sw/mblaze_DHT11_w/standalone_domain/bspinclude/include -mno-xl-reorder -mlittle-endian -mxl-barrel-shift -mxl-pattern-compare -mcpu=v11.0 -mno-xl-soft-mul -Wl,--no-relax -ffunction-sections -fdata-sections -MMD -MP -MF"src/helloworld.d" -MT"src/helloworld.o" -o "src/helloworld.o" "../src/helloworld.c"
../src/helloworld.c: In function 'main':
../src/helloworld.c:65:6: warning: implicit declaration of function 'MB_Sleep' [-Wimplicit-function-declaration]
      MB_Sleep(1000);
      ^~~~~~~~
'Finished building: ../src/helloworld.c'
' '
'Building target: mblaze_DHT11_app.elf'
'Invoking: MicroBlaze gcc linker'
mb-gcc -Wl,-T -Wl,../src/lscript.ld -LF:/Ian_Jung/workplace/Harman_Vitis/mblaze_DHT11_w/export/mblaze_DHT11_w/sw/mblaze_DHT11_w/standalone_domain/bsplib/lib -mlittle-endian -mxl-barrel-shift -mxl-pattern-compare -mcpu=v11.0 -mno-xl-soft-mul -Wl,--no-relax -Wl,--gc-sections -o "mblaze_DHT11_app.elf"  ./src/helloworld.o ./src/platform.o   -Wl,--start-group,-lxil,-lgcc,-lc,--end-group
'Finished building target: mblaze_DHT11_app.elf'
' '
'Invoking: MicroBlaze Print Size'
mb-size mblaze_DHT11_app.elf  |tee "mblaze_DHT11_app.elf.size"
   text	   data	    bss	    dec	    hex	filename
  63460	   1672	   3172	  68304	  10ad0	mblaze_DHT11_app.elf
'Finished building: mblaze_DHT11_app.elf.size'
' '

14:19:21 Build Finished (took 1s.774ms)

