16:44:06 **** Incremental Build of configuration Debug for project mblaze_stopwatch_cntr_app ****
make all 
'Building file: ../src/helloworld.c'
'Invoking: MicroBlaze gcc compiler'
mb-gcc -Wall -O0 -g3 -c -fmessage-length=0 -MT"src/helloworld.o" -IF:/Ian_Jung/workplace/Harman_Vitis/mblaze_stopwatch_cntr_hw/export/mblaze_stopwatch_cntr_hw/sw/mblaze_stopwatch_cntr_hw/standalone_domain/bspinclude/include -mno-xl-reorder -mlittle-endian -mxl-barrel-shift -mxl-pattern-compare -mcpu=v11.0 -mno-xl-soft-mul -Wl,--no-relax -ffunction-sections -fdata-sections -MMD -MP -MF"src/helloworld.d" -MT"src/helloworld.o" -o "src/helloworld.o" "../src/helloworld.c"
../src/helloworld.c: In function 'main':
../src/helloworld.c:106:6: warning: implicit declaration of function 'MB_Sleep'; did you mean 'mb_sleep'? [-Wimplicit-function-declaration]
      MB_Sleep(3);
      ^~~~~~~~
      mb_sleep
'Finished building: ../src/helloworld.c'
' '
'Building target: mblaze_stopwatch_cntr_app.elf'
'Invoking: MicroBlaze gcc linker'
mb-gcc -Wl,-T -Wl,../src/lscript.ld -LF:/Ian_Jung/workplace/Harman_Vitis/mblaze_stopwatch_cntr_hw/export/mblaze_stopwatch_cntr_hw/sw/mblaze_stopwatch_cntr_hw/standalone_domain/bsplib/lib -mlittle-endian -mxl-barrel-shift -mxl-pattern-compare -mcpu=v11.0 -mno-xl-soft-mul -Wl,--no-relax -Wl,--gc-sections -o "mblaze_stopwatch_cntr_app.elf"  ./src/helloworld.o ./src/platform.o   -Wl,--start-group,-lxil,-lgcc,-lc,--end-group
'Finished building target: mblaze_stopwatch_cntr_app.elf'
' '
'Invoking: MicroBlaze Print Size'
mb-size mblaze_stopwatch_cntr_app.elf  |tee "mblaze_stopwatch_cntr_app.elf.size"
   text	   data	    bss	    dec	    hex	filename
   7252	    652	   3120	  11024	   2b10	mblaze_stopwatch_cntr_app.elf
'Finished building: mblaze_stopwatch_cntr_app.elf.size'
' '

16:44:07 Build Finished (took 1s.482ms)

