15:48:20 **** Incremental Build of configuration Debug for project mblaze_btn_intc_app ****
make all 
'Building file: ../src/helloworld.c'
'Invoking: MicroBlaze gcc compiler'
mb-gcc -Wall -O0 -g3 -c -fmessage-length=0 -MT"src/helloworld.o" -IF:/Ian_Jung/workplace/Harman_Vitis/mblaze_btn_intc_hw/export/mblaze_btn_intc_hw/sw/mblaze_btn_intc_hw/standalone_domain/bspinclude/include -mno-xl-reorder -mlittle-endian -mxl-barrel-shift -mxl-pattern-compare -mcpu=v11.0 -mno-xl-soft-mul -Wl,--no-relax -ffunction-sections -fdata-sections -MMD -MP -MF"src/helloworld.d" -MT"src/helloworld.o" -o "src/helloworld.o" "../src/helloworld.c"
../src/helloworld.c: In function 'main':
../src/helloworld.c:116:9: warning: implicit declaration of function 'MB_Sleep'; did you mean 'mb_sleep'? [-Wimplicit-function-declaration]
         MB_Sleep(1000);                 // 1000밀리초 동안 대기
         ^~~~~~~~
         mb_sleep
../src/helloworld.c: In function 'BTN_ISR':
../src/helloworld.c:137:23: warning: passing argument 1 of 'XGpio_InterruptClear' from incompatible pointer type [-Wincompatible-pointer-types]
  XGpio_InterruptClear(&GpioPtr, BTN_CHANNEL);
                       ^~~~~~~~
In file included from ../src/helloworld.c:52:
F:/Ian_Jung/workplace/Harman_Vitis/mblaze_btn_intc_hw/export/mblaze_btn_intc_hw/sw/mblaze_btn_intc_hw/standalone_domain/bspinclude/include/xgpio.h:201:34: note: expected 'XGpio *' {aka 'struct <anonymous> *'} but argument is of type 'XGpio **' {aka 'struct <anonymous> **'}
 void XGpio_InterruptClear(XGpio *InstancePtr, u32 Mask);
                           ~~~~~~~^~~~~~~~~~~
'Finished building: ../src/helloworld.c'
' '
'Building target: mblaze_btn_intc_app.elf'
'Invoking: MicroBlaze gcc linker'
mb-gcc -Wl,-T -Wl,../src/lscript.ld -LF:/Ian_Jung/workplace/Harman_Vitis/mblaze_btn_intc_hw/export/mblaze_btn_intc_hw/sw/mblaze_btn_intc_hw/standalone_domain/bsplib/lib -mlittle-endian -mxl-barrel-shift -mxl-pattern-compare -mcpu=v11.0 -mno-xl-soft-mul -Wl,--no-relax -Wl,--gc-sections -o "mblaze_btn_intc_app.elf"  ./src/helloworld.o ./src/platform.o   -Wl,--start-group,-lxil,-lgcc,-lc,--end-group
'Finished building target: mblaze_btn_intc_app.elf'
' '
'Invoking: MicroBlaze Print Size'
mb-size mblaze_btn_intc_app.elf  |tee "mblaze_btn_intc_app.elf.size"
   text	   data	    bss	    dec	    hex	filename
  67368	   1744	   3336	  72448	  11b00	mblaze_btn_intc_app.elf
'Finished building: mblaze_btn_intc_app.elf.size'
' '

15:48:22 Build Finished (took 1s.553ms)

