12:24:50 **** Incremental Build of configuration Debug for project mblaze_FND_led_switch_app ****
make all 
'Building file: ../src/helloworld.c'
'Invoking: MicroBlaze gcc compiler'
mb-gcc -Wall -O0 -g3 -c -fmessage-length=0 -MT"src/helloworld.o" -IF:/Ian_Jung/workplace/Harman_Vitis/mblaze_FND_led_swtich_hw/export/mblaze_FND_led_swtich_hw/sw/mblaze_FND_led_swtich_hw/standalone_domain/bspinclude/include -mlittle-endian -mcpu=v11.0 -mxl-soft-mul -Wl,--no-relax -ffunction-sections -fdata-sections -MMD -MP -MF"src/helloworld.d" -MT"src/helloworld.o" -o "src/helloworld.o" "../src/helloworld.c"
../src/helloworld.c: In function 'main':
../src/helloworld.c:234:7: warning: implicit declaration of function 'MB_Sleep'; did you mean 'mb_sleep'? [-Wimplicit-function-declaration]
       MB_Sleep(1);
       ^~~~~~~~
       mb_sleep
../src/helloworld.c:183:8: warning: unused variable 'fnd_value' [-Wunused-variable]
     u8 fnd_value[] = {0x3f, 0x06, 0x5b, 0x4f, 0x66, 0x6d, 0x7d, 0x27, 0x7f, 0x67, 0x77, 0x7c, 0x39, 0x5e, 0x79, 0x71};
        ^~~~~~~~~
In file included from ../src/helloworld.c:158:
../src/helloworld.c: At top level:
../src/FND.h:21:14: warning: array 'FND_FONT' assumed to have one element
 unsigned int FND_FONT[];
              ^~~~~~~~
../src/FND.h:22:14: warning: array 'FND_digit' assumed to have one element
 unsigned int FND_digit[];
              ^~~~~~~~~
'Finished building: ../src/helloworld.c'
' '
'Building target: mblaze_FND_led_switch_app.elf'
'Invoking: MicroBlaze gcc linker'
mb-gcc -Wl,-T -Wl,../src/lscript.ld -LF:/Ian_Jung/workplace/Harman_Vitis/mblaze_FND_led_swtich_hw/export/mblaze_FND_led_swtich_hw/sw/mblaze_FND_led_swtich_hw/standalone_domain/bsplib/lib -mlittle-endian -mcpu=v11.0 -mxl-soft-mul -Wl,--no-relax -Wl,--gc-sections -o "mblaze_FND_led_switch_app.elf"  ./src/FND.o ./src/helloworld.o ./src/platform.o   -Wl,--start-group,-lxil,-lgcc,-lc,--end-group
'Finished building target: mblaze_FND_led_switch_app.elf'
' '
'Invoking: MicroBlaze Print Size'
mb-size mblaze_FND_led_switch_app.elf  |tee "mblaze_FND_led_switch_app.elf.size"
   text	   data	    bss	    dec	    hex	filename
   4288	    400	   3128	   7816	   1e88	mblaze_FND_led_switch_app.elf
'Finished building: mblaze_FND_led_switch_app.elf.size'
' '

12:24:52 Build Finished (took 1s.500ms)

