09:41:49 **** Incremental Build of configuration Debug for project mblaze_UART_intc_hw ****
make all 
'Building file: ../src/helloworld.c'
'Invoking: MicroBlaze gcc compiler'
mb-gcc -Wall -O0 -g3 -c -fmessage-length=0 -MT"src/helloworld.o" -IF:/Ian_Jung/workplace/Harman_Vitis/mblaze_btn_intc_hw/export/mblaze_btn_intc_hw/sw/mblaze_btn_intc_hw/standalone_domain/bspinclude/include -mno-xl-reorder -mlittle-endian -mxl-barrel-shift -mxl-pattern-compare -mcpu=v11.0 -mno-xl-soft-mul -Wl,--no-relax -ffunction-sections -fdata-sections -MMD -MP -MF"src/helloworld.d" -MT"src/helloworld.o" -o "src/helloworld.o" "../src/helloworld.c"
../src/helloworld.c: In function 'main':
../src/helloworld.c:91:9: warning: unused variable 'btn_data' [-Wunused-variable]
     int btn_data = 0;                   // 버튼 데이터를 저장하는 변수
         ^~~~~~~~
'Finished building: ../src/helloworld.c'
' '
'Building target: mblaze_UART_intc_hw.elf'
'Invoking: MicroBlaze gcc linker'
mb-gcc -Wl,-T -Wl,../src/lscript.ld -LF:/Ian_Jung/workplace/Harman_Vitis/mblaze_btn_intc_hw/export/mblaze_btn_intc_hw/sw/mblaze_btn_intc_hw/standalone_domain/bsplib/lib -mlittle-endian -mxl-barrel-shift -mxl-pattern-compare -mcpu=v11.0 -mno-xl-soft-mul -Wl,--no-relax -Wl,--gc-sections -o "mblaze_UART_intc_hw.elf"  ./src/helloworld.o ./src/platform.o   -Wl,--start-group,-lxil,-lgcc,-lc,--end-group
'Finished building target: mblaze_UART_intc_hw.elf'
' '
'Invoking: MicroBlaze Print Size'
mb-size mblaze_UART_intc_hw.elf  |tee "mblaze_UART_intc_hw.elf.size"
   text	   data	    bss	    dec	    hex	filename
  69524	   1760	   3420	  74704	  123d0	mblaze_UART_intc_hw.elf
'Finished building: mblaze_UART_intc_hw.elf.size'
' '

09:41:50 Build Finished (took 1s.563ms)

